So vung lien thong: 3
Vung lien thong 1: 1 2 4 5 9 10 
Vung lien thong 2: 3 6 7 
Vung lien thong 3: 8 
